14:31:55 **** Incremental Build of configuration Debug for project tp1 ****
make -j16 all 
arm-none-eabi-gcc "../Core/Src/main.c" -mcpu=cortex-m4 -std=gnu11 -g3 -DDEBUG -DUSE_HAL_DRIVER -DSTM32F429xx -c -I../Core/Inc -I../Drivers/STM32F4xx_HAL_Driver/Inc -I../Drivers/STM32F4xx_HAL_Driver/Inc/Legacy -I../Drivers/CMSIS/Device/ST/STM32F4xx/Include -I../Drivers/CMSIS/Include -O0 -ffunction-sections -fdata-sections -Wall -fstack-usage -fcyclomatic-complexity -MMD -MP -MF"Core/Src/main.d" -MT"Core/Src/main.o" --specs=nano.specs -mfpu=fpv4-sp-d16 -mfloat-abi=hard -mthumb -o "Core/Src/main.o"
arm-none-eabi-gcc -o "tp1.elf" @"objects.list"   -mcpu=cortex-m4 -T"D:\MSE\PDS\clase1\stm32_project\tp1\STM32F429ZITX_FLASH.ld" --specs=nosys.specs -Wl,-Map="tp1.map" -Wl,--gc-sections -static --specs=nano.specs -mfpu=fpv4-sp-d16 -mfloat-abi=hard -mthumb -Wl,--start-group -lc -lm -Wl,--end-group
Finished building target: tp1.elf
 
arm-none-eabi-size   tp1.elf 
arm-none-eabi-objdump -h -S  tp1.elf  > "tp1.list"
   text	   data	    bss	    dec	    hex	filename
  15512	    120	   3088	  18720	   4920	tp1.elf
Finished building: default.size.stdout
 
Finished building: tp1.list
 
14:34:06 **** Incremental Build of configuration Debug for project tp1 ****
make -j16 all 
arm-none-eabi-size   tp1.elf 
   text	   data	    bss	    dec	    hex	filename
  15512	    120	   3088	  18720	   4920	tp1.elf
Finished building: default.size.stdout
 
14:37:24 **** Incremental Build of configuration Debug for project tp1 ****
make -j16 all 
arm-none-eabi-gcc "../Core/Src/main.c" -mcpu=cortex-m4 -std=gnu11 -g3 -DDEBUG -DUSE_HAL_DRIVER -DSTM32F429xx -c -I../Core/Inc -I../Drivers/STM32F4xx_HAL_Driver/Inc -I../Drivers/STM32F4xx_HAL_Driver/Inc/Legacy -I../Drivers/CMSIS/Device/ST/STM32F4xx/Include -I../Drivers/CMSIS/Include -O0 -ffunction-sections -fdata-sections -Wall -fstack-usage -fcyclomatic-complexity -MMD -MP -MF"Core/Src/main.d" -MT"Core/Src/main.o" --specs=nano.specs -mfpu=fpv4-sp-d16 -mfloat-abi=hard -mthumb -o "Core/Src/main.o"
arm-none-eabi-gcc -o "tp1.elf" @"objects.list"   -mcpu=cortex-m4 -T"D:\MSE\PDS\clase1\stm32_project\tp1\STM32F429ZITX_FLASH.ld" --specs=nosys.specs -Wl,-Map="tp1.map" -Wl,--gc-sections -static --specs=nano.specs -mfpu=fpv4-sp-d16 -mfloat-abi=hard -mthumb -Wl,--start-group -lc -lm -Wl,--end-group
Finished building target: tp1.elf
 
arm-none-eabi-size   tp1.elf 
arm-none-eabi-objdump -h -S  tp1.elf  > "tp1.list"
   text	   data	    bss	    dec	    hex	filename
  15512	    120	   3088	  18720	   4920	tp1.elf
Finished building: default.size.stdout
 
Finished building: tp1.list
 
14:37:37 **** Incremental Build of configuration Debug for project tp1 ****
make -j16 all 
arm-none-eabi-size   tp1.elf 
   text	   data	    bss	    dec	    hex	filename
  15512	    120	   3088	  18720	   4920	tp1.elf
Finished building: default.size.stdout
 
